[INFO] Scanning for projects...
[INFO] 
[INFO] ----------------< com.securevault:securevault-backend >-----------------
[INFO] Building SecureVault Backend 1.0.0
[INFO]   from pom.xml
[INFO] --------------------------------[ jar ]---------------------------------
[INFO] 
[INFO] --- resources:3.3.1:resources (default-resources) @ securevault-backend ---
[INFO] Copying 1 resource from src\main\resources to target\classes
[INFO] Copying 1 resource from src\main\resources to target\classes
[INFO] 
[INFO] --- compiler:3.11.0:compile (default-compile) @ securevault-backend ---
[INFO] Changes detected - recompiling the module! :source
[INFO] Compiling 43 source files with javac [debug release 17] to target\classes
[WARNING] /C:/Users/sdona/Downloads/digital-asset-platform (3)/backend/src/main/java/com/securevault/model/Nominee.java:[31,21] @Builder will ignore the initializing expression entirely. If you want the initializing expression to serve as default, add @Builder.Default. If it is not supposed to be settable during building, make the field final.
[WARNING] /C:/Users/sdona/Downloads/digital-asset-platform (3)/backend/src/main/java/com/securevault/model/VerificationRequest.java:[28,20] @Builder will ignore the initializing expression entirely. If you want the initializing expression to serve as default, add @Builder.Default. If it is not supposed to be settable during building, make the field final.
[WARNING] /C:/Users/sdona/Downloads/digital-asset-platform (3)/backend/src/main/java/com/securevault/model/VerificationRequest.java:[33,27] @Builder will ignore the initializing expression entirely. If you want the initializing expression to serve as default, add @Builder.Default. If it is not supposed to be settable during building, make the field final.
[WARNING] /C:/Users/sdona/Downloads/digital-asset-platform (3)/backend/src/main/java/com/securevault/model/User.java:[36,27] @Builder will ignore the initializing expression entirely. If you want the initializing expression to serve as default, add @Builder.Default. If it is not supposed to be settable during building, make the field final.
[WARNING] /C:/Users/sdona/Downloads/digital-asset-platform (3)/backend/src/main/java/com/securevault/model/User.java:[37,21] @Builder will ignore the initializing expression entirely. If you want the initializing expression to serve as default, add @Builder.Default. If it is not supposed to be settable during building, make the field final.
[WARNING] /C:/Users/sdona/Downloads/digital-asset-platform (3)/backend/src/main/java/com/securevault/model/User.java:[38,20] @Builder will ignore the initializing expression entirely. If you want the initializing expression to serve as default, add @Builder.Default. If it is not supposed to be settable during building, make the field final.
[INFO] /C:/Users/sdona/Downloads/digital-asset-platform (3)/backend/src/main/java/com/securevault/config/JwtAuthenticationFilter.java: C:\Users\sdona\Downloads\digital-asset-platform (3)\backend\src\main\java\com\securevault\config\JwtAuthenticationFilter.java uses unchecked or unsafe operations.
[INFO] /C:/Users/sdona/Downloads/digital-asset-platform (3)/backend/src/main/java/com/securevault/config/JwtAuthenticationFilter.java: Recompile with -Xlint:unchecked for details.
[INFO] ------------------------------------------------------------------------
[INFO] BUILD SUCCESS
[INFO] ------------------------------------------------------------------------
[INFO] Total time:  6.497 s
[INFO] Finished at: 2026-02-21T20:55:13+05:30
[INFO] ------------------------------------------------------------------------
